// Jest Snapshot v1, https://goo.gl/fbAQLP

exports[`Carousel Component Mounts Correctly 1`] = `
<CarouselView
  currentIndex={0}
  isSwiping={false}
  registerContainerRef={[Function]}
  registerSlideRef={[Function]}
  touchHandlers={
    Object {
      "onKeyDown": [Function],
      "onMouseDown": [Function],
      "onMouseLeave": [Function],
      "onMouseMove": [Function],
      "onMouseUp": [Function],
      "onTouchCancel": [Function],
      "onTouchEnd": [Function],
      "onTouchMove": [Function],
      "onTouchStart": [Function],
    }
  }
  xPosition={0}
>
  <ResponsiveImage
    alt=""
    caption={false}
    key=".$image-one"
    original={Object {}}
    ratio={1}
    sizes="100vw"
    srcSet={
      Array [
        Object {
          "url": "https://res.cloudinary.com/good-idea/image/upload/w_1200/b0b0fde6fd2f6d689f027d8f42df2dbabep-scan-140809-0004",
          "width": 1200,
        },
        Object {
          "url": "https://res.cloudinary.com/good-idea/image/upload/w_800/b0b0fde6fd2f6d689f027d8f42df2dbabep-scan-140809-0004",
          "width": 800,
        },
        Object {
          "url": "https://res.cloudinary.com/good-idea/image/upload/w_400/b0b0fde6fd2f6d689f027d8f42df2dbabep-scan-140809-0004",
          "width": 400,
        },
        Object {
          "url": "https://res.cloudinary.com/good-idea/image/upload/w_200/b0b0fde6fd2f6d689f027d8f42df2dbabep-scan-140809-0004",
          "width": 200,
        },
        Object {
          "url": "https://res.cloudinary.com/good-idea/image/upload/w_60/b0b0fde6fd2f6d689f027d8f42df2dbabep-scan-140809-0004",
          "width": 60,
        },
      ]
    }
    url="https://res.cloudinary.com/good-idea/image/upload//b0b0fde6fd2f6d689f027d8f42df2dbabep-scan-140809-0004"
  />
  <ResponsiveImage
    alt=""
    caption={false}
    key=".$image-two"
    original={Object {}}
    ratio={1}
    sizes="100vw"
    srcSet={
      Array [
        Object {
          "url": "https://res.cloudinary.com/good-idea/image/upload/w_1200/b0b0fde6fd2f6d689f027d8f42df2dbabep-scan-140809-0004",
          "width": 1200,
        },
        Object {
          "url": "https://res.cloudinary.com/good-idea/image/upload/w_800/b0b0fde6fd2f6d689f027d8f42df2dbabep-scan-140809-0004",
          "width": 800,
        },
        Object {
          "url": "https://res.cloudinary.com/good-idea/image/upload/w_400/b0b0fde6fd2f6d689f027d8f42df2dbabep-scan-140809-0004",
          "width": 400,
        },
        Object {
          "url": "https://res.cloudinary.com/good-idea/image/upload/w_200/b0b0fde6fd2f6d689f027d8f42df2dbabep-scan-140809-0004",
          "width": 200,
        },
        Object {
          "url": "https://res.cloudinary.com/good-idea/image/upload/w_60/b0b0fde6fd2f6d689f027d8f42df2dbabep-scan-140809-0004",
          "width": 60,
        },
      ]
    }
    url="https://res.cloudinary.com/good-idea/image/upload//b0b0fde6fd2f6d689f027d8f42df2dbabep-scan-140809-0004"
  />
</CarouselView>
`;
