// Jest Snapshot v1, https://goo.gl/fbAQLP

exports[`LinkButton Component Mounts Correctly 1`] = `
<Buttonsweb__ButtonWrapper
  color={null}
  href="/there"
  secondary={0}
  to="/there"
  wide={0}
>
  CLICK ME
</Buttonsweb__ButtonWrapper>
`;

exports[`Social Link Button Mounts Correctly 1`] = `
<Buttonsweb__ButtonWrapper
  bgcolor="#3C5B99"
  href="/api/auth/google"
  to="/api/auth/google"
  wide={1}
/>
`;
