// Jest Snapshot v1, https://goo.gl/fbAQLP

exports[`[map] should fetch a maps pins and other connections 1`] = `
Object {
  "map": Object {
    "pins": Object {
      "edges": Array [
        Object {
          "cursor": "0x9ec8",
          "node": Object {
            "description": "Sit ea omnis hic perferendis. Explicabo qui eum animi aut aspernatur laudantium qui sit et.",
            "lat": 40.33184,
            "lng": -111.02425,
            "title": "Refined Granite Cheese",
            "uid": "0x9ec8",
          },
        },
        Object {
          "cursor": "0x9ec9",
          "node": Object {
            "description": "Esse autem recusandae voluptatem. Provident nisi et dolor id atque deserunt.",
            "lat": 40.02687,
            "lng": -111.01649,
            "title": "Gorgeous Soft Bike",
            "uid": "0x9ec9",
          },
        },
        Object {
          "cursor": "0x9eca",
          "node": Object {
            "description": "Eum eum totam rerum itaque aut accusamus et quia. Impedit modi qui eius.",
            "lat": 40.70901,
            "lng": -111.20128,
            "title": "Handcrafted Soft Ball",
            "uid": "0x9eca",
          },
        },
        Object {
          "cursor": "0x9ee3",
          "node": Object {
            "description": "Dignissimos ut minima et qui in sit. Officia est in nihil dolores consequatur id molestiae ad molestiae.",
            "lat": 40.67779,
            "lng": -111.95318,
            "title": "Practical Steel Chicken",
            "uid": "0x9ee3",
          },
        },
        Object {
          "cursor": "0x9ee4",
          "node": Object {
            "description": "Voluptas aut vel quis cumque error autem quia pariatur. Sunt optio nulla ipsam commodi asperiores nihil voluptatem dignissimos sint.",
            "lat": 40.25027,
            "lng": -111.46133,
            "title": "Refined Plastic Soap",
            "uid": "0x9ee4",
          },
        },
        Object {
          "cursor": "0x9ee5",
          "node": Object {
            "description": "Quo dolor excepturi molestiae iure doloremque veniam impedit assumenda id. Optio sed accusantium.",
            "lat": 40.73353,
            "lng": -111.849,
            "title": "Handmade Granite Chair",
            "uid": "0x9ee5",
          },
        },
        Object {
          "cursor": "0x9efe",
          "node": Object {
            "description": "Omnis non porro quod suscipit esse expedita nihil temporibus dolorem. Et nemo sunt.",
            "lat": 40.14716,
            "lng": -111.61719,
            "title": "Unbranded Plastic Bacon",
            "uid": "0x9efe",
          },
        },
        Object {
          "cursor": "0x9eff",
          "node": Object {
            "description": "Placeat doloribus quia et. Quam tenetur eveniet ut magni consequatur velit odio.",
            "lat": 40.83629,
            "lng": -111.13351,
            "title": "Handcrafted Plastic Towels",
            "uid": "0x9eff",
          },
        },
        Object {
          "cursor": "0x9f00",
          "node": Object {
            "description": "Ad molestiae quo ut blanditiis iste quae itaque vel. Nam nulla maiores laborum id esse velit atque.",
            "lat": 40.48979,
            "lng": -111.4266,
            "title": "Handmade Metal Salad",
            "uid": "0x9f00",
          },
        },
        Object {
          "cursor": "0x9f19",
          "node": Object {
            "description": "In nemo eos dolorum doloremque molestiae culpa sunt velit. Corrupti illum enim est voluptatem.",
            "lat": 40.40546,
            "lng": -111.36769,
            "title": "Incredible Concrete Chicken",
            "uid": "0x9f19",
          },
        },
        Object {
          "cursor": "0x9f1a",
          "node": Object {
            "description": "Inventore veniam qui sit. Enim et a voluptatum a totam qui molestiae nesciunt.",
            "lat": 40.95532,
            "lng": -111.24016,
            "title": "Generic Soft Keyboard",
            "uid": "0x9f1a",
          },
        },
        Object {
          "cursor": "0x9f1b",
          "node": Object {
            "description": "Molestiae rerum aliquid corporis. Rerum sapiente nam suscipit asperiores.",
            "lat": 40.15757,
            "lng": -111.15447,
            "title": "Intelligent Plastic Cheese",
            "uid": "0x9f1b",
          },
        },
        Object {
          "cursor": "0x9f36",
          "node": Object {
            "description": "",
            "lat": 145.123,
            "lng": 111.222,
            "title": "a new pin",
            "uid": "0x9f36",
          },
        },
        Object {
          "cursor": "0x9f3c",
          "node": Object {
            "description": "",
            "lat": 145.123,
            "lng": 111.222,
            "title": "a new pin",
            "uid": "0x9f3c",
          },
        },
        Object {
          "cursor": "0x9f41",
          "node": Object {
            "description": "",
            "lat": 145.123,
            "lng": 111.222,
            "title": "a new pin",
            "uid": "0x9f41",
          },
        },
        Object {
          "cursor": "0x9f46",
          "node": Object {
            "description": "",
            "lat": 145.123,
            "lng": 111.222,
            "title": "a new pin",
            "uid": "0x9f46",
          },
        },
        Object {
          "cursor": "0x9f4b",
          "node": Object {
            "description": "",
            "lat": 145.123,
            "lng": 111.222,
            "title": "a new pin",
            "uid": "0x9f4b",
          },
        },
        Object {
          "cursor": "0x9f50",
          "node": Object {
            "description": "",
            "lat": 145.123,
            "lng": 111.222,
            "title": "a new pin",
            "uid": "0x9f50",
          },
        },
        Object {
          "cursor": "0x9f54",
          "node": Object {
            "description": "",
            "lat": 145.123,
            "lng": 111.222,
            "title": "a new pin",
            "uid": "0x9f54",
          },
        },
        Object {
          "cursor": "0x9f58",
          "node": Object {
            "description": "",
            "lat": 145.123,
            "lng": 111.222,
            "title": "a new pin",
            "uid": "0x9f58",
          },
        },
        Object {
          "cursor": "0x9f5d",
          "node": Object {
            "description": "",
            "lat": 145.123,
            "lng": 111.222,
            "title": "a new pin",
            "uid": "0x9f5d",
          },
        },
        Object {
          "cursor": "0x9f65",
          "node": Object {
            "description": "",
            "lat": 145.123,
            "lng": 111.222,
            "title": "a new pin",
            "uid": "0x9f65",
          },
        },
        Object {
          "cursor": "0x9f67",
          "node": Object {
            "description": "",
            "lat": 145.123,
            "lng": 111.222,
            "title": "a new pin",
            "uid": "0x9f67",
          },
        },
        Object {
          "cursor": "0x9f6f",
          "node": Object {
            "description": "",
            "lat": 145.123,
            "lng": 111.222,
            "title": "a new pin",
            "uid": "0x9f6f",
          },
        },
        Object {
          "cursor": "0x9f73",
          "node": Object {
            "description": "",
            "lat": 145.123,
            "lng": 111.222,
            "title": "a new pin",
            "uid": "0x9f73",
          },
        },
        Object {
          "cursor": "0x9f78",
          "node": Object {
            "description": "",
            "lat": 145.123,
            "lng": 111.222,
            "title": "a new pin",
            "uid": "0x9f78",
          },
        },
        Object {
          "cursor": "0x9f7e",
          "node": Object {
            "description": "",
            "lat": 145.123,
            "lng": 111.222,
            "title": "a new pin",
            "uid": "0x9f7e",
          },
        },
        Object {
          "cursor": "0x9f84",
          "node": Object {
            "description": "",
            "lat": 145.123,
            "lng": 111.222,
            "title": "a new pin",
            "uid": "0x9f84",
          },
        },
        Object {
          "cursor": "0x9f8a",
          "node": Object {
            "description": "",
            "lat": 145.123,
            "lng": 111.222,
            "title": "a new pin",
            "uid": "0x9f8a",
          },
        },
        Object {
          "cursor": "0x9f8e",
          "node": Object {
            "description": "",
            "lat": 145.123,
            "lng": 111.222,
            "title": "a new pin",
            "uid": "0x9f8e",
          },
        },
        Object {
          "cursor": "0x9f94",
          "node": Object {
            "description": "",
            "lat": 145.123,
            "lng": 111.222,
            "title": "a new pin",
            "uid": "0x9f94",
          },
        },
        Object {
          "cursor": "0x9f98",
          "node": Object {
            "description": "",
            "lat": 145.123,
            "lng": 111.222,
            "title": "a new pin",
            "uid": "0x9f98",
          },
        },
        Object {
          "cursor": "0x9f9d",
          "node": Object {
            "description": "",
            "lat": 145.123,
            "lng": 111.222,
            "title": "a new pin",
            "uid": "0x9f9d",
          },
        },
        Object {
          "cursor": "0x9fa2",
          "node": Object {
            "description": "",
            "lat": 145.123,
            "lng": 111.222,
            "title": "a new pin",
            "uid": "0x9fa2",
          },
        },
      ],
      "pageInfo": Object {
        "hasNextPage": false,
        "lastCursor": "0x9fa2",
      },
    },
    "title": "Generic Concrete Pants",
    "uid": "0x9ebf",
  },
}
`;
