// Jest Snapshot v1, https://goo.gl/fbAQLP

exports[`[user] should fetch a fetch a user's classrooms and pins 1`] = `
Object {
  "data": Object {
    "user": Object {
      "classrooms": Object {
        "edges": Array [
          Object {
            "cursor": "0x9eb7",
            "node": Object {
              "title": "Social Studies",
              "uid": "0x9eb7",
            },
          },
        ],
        "pageInfo": Object {
          "hasNextPage": false,
        },
      },
      "name": "Alex Johnstone",
      "pins": Object {
        "edges": Array [
          Object {
            "node": Object {
              "title": "Refined Granite Cheese",
              "uid": "0x9ec8",
            },
          },
          Object {
            "node": Object {
              "title": "Gorgeous Soft Bike",
              "uid": "0x9ec9",
            },
          },
          Object {
            "node": Object {
              "title": "Handcrafted Soft Ball",
              "uid": "0x9eca",
            },
          },
        ],
        "pageInfo": Object {
          "hasNextPage": false,
        },
      },
      "uid": "0x9e92",
    },
  },
}
`;
